// Jest Snapshot v1, https://goo.gl/fbAQLP

exports[`Dashboard should match the snapshot 1`] = `
ShallowWrapper {
  "length": 1,
  Symbol(enzyme.__root__): [Circular],
  Symbol(enzyme.__unrendered__): <Dashboard />,
  Symbol(enzyme.__renderer__): Object {
    "batchedUpdates": [Function],
    "getNode": [Function],
    "render": [Function],
    "simulateEvent": [Function],
    "unmount": [Function],
  },
  Symbol(enzyme.__node__): Object {
    "instance": null,
    "key": undefined,
    "nodeType": "host",
    "props": Object {
      "children": Array [
        <section>
          <h2>
                    <i
                              className="fas fa-user"
                    />
                    Your games
          </h2>
          <Unknown />
          <div
                    className="search"
          >
                    <Link
                              replace={false}
                              to="/search"
                    >
                              <button
                                        id="search-btn"
                              >
                                        Search for games
                              </button>
                    </Link>
          </div>
</section>,
        <Unknown />,
        <section>
          <h2>
                    <i
                              className="fas fa-users"
                    />
                    Your friend's games
          </h2>
          <Unknown />
          <div
                    className="search"
          >
                    <button
                              id="search-btn"
                    >
                              Search for friends
                    </button>
          </div>
</section>,
      ],
      "className": "Dashboard",
    },
    "ref": null,
    "rendered": Array [
      Object {
        "instance": null,
        "key": undefined,
        "nodeType": "host",
        "props": Object {
          "children": Array [
            <h2>
              <i
                            className="fas fa-user"
              />
              Your games
</h2>,
            <Unknown />,
            <div
              className="search"
>
              <Link
                            replace={false}
                            to="/search"
              >
                            <button
                                          id="search-btn"
                            >
                                          Search for games
                            </button>
              </Link>
</div>,
          ],
        },
        "ref": null,
        "rendered": Array [
          Object {
            "instance": null,
            "key": undefined,
            "nodeType": "host",
            "props": Object {
              "children": Array [
                <i
                  className="fas fa-user"
/>,
                "Your games",
              ],
            },
            "ref": null,
            "rendered": Array [
              Object {
                "instance": null,
                "key": undefined,
                "nodeType": "host",
                "props": Object {
                  "className": "fas fa-user",
                },
                "ref": null,
                "rendered": null,
                "type": "i",
              },
              "Your games",
            ],
            "type": "h2",
          },
          Object {
            "instance": null,
            "key": undefined,
            "nodeType": "function",
            "props": Object {},
            "ref": null,
            "rendered": null,
            "type": [Function],
          },
          Object {
            "instance": null,
            "key": undefined,
            "nodeType": "host",
            "props": Object {
              "children": <Link
                replace={false}
                to="/search"
>
                <button
                                id="search-btn"
                >
                                Search for games
                </button>
</Link>,
              "className": "search",
            },
            "ref": null,
            "rendered": Object {
              "instance": null,
              "key": undefined,
              "nodeType": "class",
              "props": Object {
                "children": <button
                  id="search-btn"
>
                  Search for games
</button>,
                "replace": false,
                "to": "/search",
              },
              "ref": null,
              "rendered": Object {
                "instance": null,
                "key": undefined,
                "nodeType": "host",
                "props": Object {
                  "children": "Search for games",
                  "id": "search-btn",
                },
                "ref": null,
                "rendered": "Search for games",
                "type": "button",
              },
              "type": [Function],
            },
            "type": "div",
          },
        ],
        "type": "section",
      },
      Object {
        "instance": null,
        "key": undefined,
        "nodeType": "function",
        "props": Object {},
        "ref": null,
        "rendered": null,
        "type": [Function],
      },
      Object {
        "instance": null,
        "key": undefined,
        "nodeType": "host",
        "props": Object {
          "children": Array [
            <h2>
              <i
                            className="fas fa-users"
              />
              Your friend's games
</h2>,
            <Unknown />,
            <div
              className="search"
>
              <button
                            id="search-btn"
              >
                            Search for friends
              </button>
</div>,
          ],
        },
        "ref": null,
        "rendered": Array [
          Object {
            "instance": null,
            "key": undefined,
            "nodeType": "host",
            "props": Object {
              "children": Array [
                <i
                  className="fas fa-users"
/>,
                "Your friend's games",
              ],
            },
            "ref": null,
            "rendered": Array [
              Object {
                "instance": null,
                "key": undefined,
                "nodeType": "host",
                "props": Object {
                  "className": "fas fa-users",
                },
                "ref": null,
                "rendered": null,
                "type": "i",
              },
              "Your friend's games",
            ],
            "type": "h2",
          },
          Object {
            "instance": null,
            "key": undefined,
            "nodeType": "function",
            "props": Object {},
            "ref": null,
            "rendered": null,
            "type": [Function],
          },
          Object {
            "instance": null,
            "key": undefined,
            "nodeType": "host",
            "props": Object {
              "children": <button
                id="search-btn"
>
                Search for friends
</button>,
              "className": "search",
            },
            "ref": null,
            "rendered": Object {
              "instance": null,
              "key": undefined,
              "nodeType": "host",
              "props": Object {
                "children": "Search for friends",
                "id": "search-btn",
              },
              "ref": null,
              "rendered": "Search for friends",
              "type": "button",
            },
            "type": "div",
          },
        ],
        "type": "section",
      },
    ],
    "type": "section",
  },
  Symbol(enzyme.__nodes__): Array [
    Object {
      "instance": null,
      "key": undefined,
      "nodeType": "host",
      "props": Object {
        "children": Array [
          <section>
            <h2>
                        <i
                                    className="fas fa-user"
                        />
                        Your games
            </h2>
            <Unknown />
            <div
                        className="search"
            >
                        <Link
                                    replace={false}
                                    to="/search"
                        >
                                    <button
                                                id="search-btn"
                                    >
                                                Search for games
                                    </button>
                        </Link>
            </div>
</section>,
          <Unknown />,
          <section>
            <h2>
                        <i
                                    className="fas fa-users"
                        />
                        Your friend's games
            </h2>
            <Unknown />
            <div
                        className="search"
            >
                        <button
                                    id="search-btn"
                        >
                                    Search for friends
                        </button>
            </div>
</section>,
        ],
        "className": "Dashboard",
      },
      "ref": null,
      "rendered": Array [
        Object {
          "instance": null,
          "key": undefined,
          "nodeType": "host",
          "props": Object {
            "children": Array [
              <h2>
                <i
                                className="fas fa-user"
                />
                Your games
</h2>,
              <Unknown />,
              <div
                className="search"
>
                <Link
                                replace={false}
                                to="/search"
                >
                                <button
                                                id="search-btn"
                                >
                                                Search for games
                                </button>
                </Link>
</div>,
            ],
          },
          "ref": null,
          "rendered": Array [
            Object {
              "instance": null,
              "key": undefined,
              "nodeType": "host",
              "props": Object {
                "children": Array [
                  <i
                    className="fas fa-user"
/>,
                  "Your games",
                ],
              },
              "ref": null,
              "rendered": Array [
                Object {
                  "instance": null,
                  "key": undefined,
                  "nodeType": "host",
                  "props": Object {
                    "className": "fas fa-user",
                  },
                  "ref": null,
                  "rendered": null,
                  "type": "i",
                },
                "Your games",
              ],
              "type": "h2",
            },
            Object {
              "instance": null,
              "key": undefined,
              "nodeType": "function",
              "props": Object {},
              "ref": null,
              "rendered": null,
              "type": [Function],
            },
            Object {
              "instance": null,
              "key": undefined,
              "nodeType": "host",
              "props": Object {
                "children": <Link
                  replace={false}
                  to="/search"
>
                  <button
                                    id="search-btn"
                  >
                                    Search for games
                  </button>
</Link>,
                "className": "search",
              },
              "ref": null,
              "rendered": Object {
                "instance": null,
                "key": undefined,
                "nodeType": "class",
                "props": Object {
                  "children": <button
                    id="search-btn"
>
                    Search for games
</button>,
                  "replace": false,
                  "to": "/search",
                },
                "ref": null,
                "rendered": Object {
                  "instance": null,
                  "key": undefined,
                  "nodeType": "host",
                  "props": Object {
                    "children": "Search for games",
                    "id": "search-btn",
                  },
                  "ref": null,
                  "rendered": "Search for games",
                  "type": "button",
                },
                "type": [Function],
              },
              "type": "div",
            },
          ],
          "type": "section",
        },
        Object {
          "instance": null,
          "key": undefined,
          "nodeType": "function",
          "props": Object {},
          "ref": null,
          "rendered": null,
          "type": [Function],
        },
        Object {
          "instance": null,
          "key": undefined,
          "nodeType": "host",
          "props": Object {
            "children": Array [
              <h2>
                <i
                                className="fas fa-users"
                />
                Your friend's games
</h2>,
              <Unknown />,
              <div
                className="search"
>
                <button
                                id="search-btn"
                >
                                Search for friends
                </button>
</div>,
            ],
          },
          "ref": null,
          "rendered": Array [
            Object {
              "instance": null,
              "key": undefined,
              "nodeType": "host",
              "props": Object {
                "children": Array [
                  <i
                    className="fas fa-users"
/>,
                  "Your friend's games",
                ],
              },
              "ref": null,
              "rendered": Array [
                Object {
                  "instance": null,
                  "key": undefined,
                  "nodeType": "host",
                  "props": Object {
                    "className": "fas fa-users",
                  },
                  "ref": null,
                  "rendered": null,
                  "type": "i",
                },
                "Your friend's games",
              ],
              "type": "h2",
            },
            Object {
              "instance": null,
              "key": undefined,
              "nodeType": "function",
              "props": Object {},
              "ref": null,
              "rendered": null,
              "type": [Function],
            },
            Object {
              "instance": null,
              "key": undefined,
              "nodeType": "host",
              "props": Object {
                "children": <button
                  id="search-btn"
>
                  Search for friends
</button>,
                "className": "search",
              },
              "ref": null,
              "rendered": Object {
                "instance": null,
                "key": undefined,
                "nodeType": "host",
                "props": Object {
                  "children": "Search for friends",
                  "id": "search-btn",
                },
                "ref": null,
                "rendered": "Search for friends",
                "type": "button",
              },
              "type": "div",
            },
          ],
          "type": "section",
        },
      ],
      "type": "section",
    },
  ],
  Symbol(enzyme.__options__): Object {
    "adapter": ReactSixteenAdapter {
      "options": Object {
        "enableComponentDidUpdateOnSetState": true,
      },
    },
  },
}
`;
