// Jest Snapshot v1, https://goo.gl/fbAQLP

exports[`Dashboard should match the snapshot 1`] = `
ShallowWrapper {
  "length": 1,
  Symbol(enzyme.__root__): [Circular],
  Symbol(enzyme.__unrendered__): <Dashboard
    favorites={Object {}}
    user={
        Object {
            "uid": "123",
          }
    }
/>,
  Symbol(enzyme.__renderer__): Object {
    "batchedUpdates": [Function],
    "getNode": [Function],
    "render": [Function],
    "simulateEvent": [Function],
    "unmount": [Function],
  },
  Symbol(enzyme.__node__): Object {
    "instance": null,
    "key": undefined,
    "nodeType": "host",
    "props": Object {
      "children": Array [
        <Header />,
        <div
          className="body-cont"
>
          <Unknown
                    handleClick={undefined}
          />
          <Switch>
                    <Route
                              exact={true}
                              path="/dashboard/your-games"
                              render={[Function]}
                    />
                    <Route
                              exact={true}
                              path="/dashboard/friends-games"
                              render={[Function]}
                    />
                    <Route
                              component={[Function]}
                              exact={true}
                              path="/dashboard/search-games"
                    />
                    <Route
                              component={[Function]}
                              exact={true}
                              path="/dashboard/search-users"
                    />
          </Switch>
</div>,
      ],
      "className": "Dashboard",
    },
    "ref": null,
    "rendered": Array [
      Object {
        "instance": null,
        "key": undefined,
        "nodeType": "class",
        "props": Object {},
        "ref": null,
        "rendered": null,
        "type": [Function],
      },
      Object {
        "instance": null,
        "key": undefined,
        "nodeType": "host",
        "props": Object {
          "children": Array [
            <Unknown
              handleClick={undefined}
/>,
            <Switch>
              <Route
                            exact={true}
                            path="/dashboard/your-games"
                            render={[Function]}
              />
              <Route
                            exact={true}
                            path="/dashboard/friends-games"
                            render={[Function]}
              />
              <Route
                            component={[Function]}
                            exact={true}
                            path="/dashboard/search-games"
              />
              <Route
                            component={[Function]}
                            exact={true}
                            path="/dashboard/search-users"
              />
</Switch>,
          ],
          "className": "body-cont",
        },
        "ref": null,
        "rendered": Array [
          Object {
            "instance": null,
            "key": undefined,
            "nodeType": "function",
            "props": Object {
              "handleClick": undefined,
            },
            "ref": null,
            "rendered": null,
            "type": [Function],
          },
          Object {
            "instance": null,
            "key": undefined,
            "nodeType": "class",
            "props": Object {
              "children": Array [
                <Route
                  exact={true}
                  path="/dashboard/your-games"
                  render={[Function]}
/>,
                <Route
                  exact={true}
                  path="/dashboard/friends-games"
                  render={[Function]}
/>,
                <Route
                  component={[Function]}
                  exact={true}
                  path="/dashboard/search-games"
/>,
                <Route
                  component={[Function]}
                  exact={true}
                  path="/dashboard/search-users"
/>,
              ],
            },
            "ref": null,
            "rendered": Array [
              Object {
                "instance": null,
                "key": undefined,
                "nodeType": "class",
                "props": Object {
                  "exact": true,
                  "path": "/dashboard/your-games",
                  "render": [Function],
                },
                "ref": null,
                "rendered": null,
                "type": [Function],
              },
              Object {
                "instance": null,
                "key": undefined,
                "nodeType": "class",
                "props": Object {
                  "exact": true,
                  "path": "/dashboard/friends-games",
                  "render": [Function],
                },
                "ref": null,
                "rendered": null,
                "type": [Function],
              },
              Object {
                "instance": null,
                "key": undefined,
                "nodeType": "class",
                "props": Object {
                  "component": [Function],
                  "exact": true,
                  "path": "/dashboard/search-games",
                },
                "ref": null,
                "rendered": null,
                "type": [Function],
              },
              Object {
                "instance": null,
                "key": undefined,
                "nodeType": "class",
                "props": Object {
                  "component": [Function],
                  "exact": true,
                  "path": "/dashboard/search-users",
                },
                "ref": null,
                "rendered": null,
                "type": [Function],
              },
            ],
            "type": [Function],
          },
        ],
        "type": "div",
      },
    ],
    "type": "section",
  },
  Symbol(enzyme.__nodes__): Array [
    Object {
      "instance": null,
      "key": undefined,
      "nodeType": "host",
      "props": Object {
        "children": Array [
          <Header />,
          <div
            className="body-cont"
>
            <Unknown
                        handleClick={undefined}
            />
            <Switch>
                        <Route
                                    exact={true}
                                    path="/dashboard/your-games"
                                    render={[Function]}
                        />
                        <Route
                                    exact={true}
                                    path="/dashboard/friends-games"
                                    render={[Function]}
                        />
                        <Route
                                    component={[Function]}
                                    exact={true}
                                    path="/dashboard/search-games"
                        />
                        <Route
                                    component={[Function]}
                                    exact={true}
                                    path="/dashboard/search-users"
                        />
            </Switch>
</div>,
        ],
        "className": "Dashboard",
      },
      "ref": null,
      "rendered": Array [
        Object {
          "instance": null,
          "key": undefined,
          "nodeType": "class",
          "props": Object {},
          "ref": null,
          "rendered": null,
          "type": [Function],
        },
        Object {
          "instance": null,
          "key": undefined,
          "nodeType": "host",
          "props": Object {
            "children": Array [
              <Unknown
                handleClick={undefined}
/>,
              <Switch>
                <Route
                                exact={true}
                                path="/dashboard/your-games"
                                render={[Function]}
                />
                <Route
                                exact={true}
                                path="/dashboard/friends-games"
                                render={[Function]}
                />
                <Route
                                component={[Function]}
                                exact={true}
                                path="/dashboard/search-games"
                />
                <Route
                                component={[Function]}
                                exact={true}
                                path="/dashboard/search-users"
                />
</Switch>,
            ],
            "className": "body-cont",
          },
          "ref": null,
          "rendered": Array [
            Object {
              "instance": null,
              "key": undefined,
              "nodeType": "function",
              "props": Object {
                "handleClick": undefined,
              },
              "ref": null,
              "rendered": null,
              "type": [Function],
            },
            Object {
              "instance": null,
              "key": undefined,
              "nodeType": "class",
              "props": Object {
                "children": Array [
                  <Route
                    exact={true}
                    path="/dashboard/your-games"
                    render={[Function]}
/>,
                  <Route
                    exact={true}
                    path="/dashboard/friends-games"
                    render={[Function]}
/>,
                  <Route
                    component={[Function]}
                    exact={true}
                    path="/dashboard/search-games"
/>,
                  <Route
                    component={[Function]}
                    exact={true}
                    path="/dashboard/search-users"
/>,
                ],
              },
              "ref": null,
              "rendered": Array [
                Object {
                  "instance": null,
                  "key": undefined,
                  "nodeType": "class",
                  "props": Object {
                    "exact": true,
                    "path": "/dashboard/your-games",
                    "render": [Function],
                  },
                  "ref": null,
                  "rendered": null,
                  "type": [Function],
                },
                Object {
                  "instance": null,
                  "key": undefined,
                  "nodeType": "class",
                  "props": Object {
                    "exact": true,
                    "path": "/dashboard/friends-games",
                    "render": [Function],
                  },
                  "ref": null,
                  "rendered": null,
                  "type": [Function],
                },
                Object {
                  "instance": null,
                  "key": undefined,
                  "nodeType": "class",
                  "props": Object {
                    "component": [Function],
                    "exact": true,
                    "path": "/dashboard/search-games",
                  },
                  "ref": null,
                  "rendered": null,
                  "type": [Function],
                },
                Object {
                  "instance": null,
                  "key": undefined,
                  "nodeType": "class",
                  "props": Object {
                    "component": [Function],
                    "exact": true,
                    "path": "/dashboard/search-users",
                  },
                  "ref": null,
                  "rendered": null,
                  "type": [Function],
                },
              ],
              "type": [Function],
            },
          ],
          "type": "div",
        },
      ],
      "type": "section",
    },
  ],
  Symbol(enzyme.__options__): Object {
    "adapter": ReactSixteenAdapter {
      "options": Object {
        "enableComponentDidUpdateOnSetState": true,
      },
    },
  },
}
`;
